** Drc report for AuraForge_50X.kicad_pcb **
** Created on 2026-08-31T14:20:20 **
** Report includes: Errors, Warnings **

** Found 15 DRC violations **
[silk_edge_clearance]: Silkscreen clipped by board edge
    Rule: board setup constraints silk; warning
    @(0.0000 mm, 0.0000 mm): Rectangle on Edge.Cuts
    @(17.0000 mm, -5.4800 mm): Segment of U4 on F.Silkscreen
[silk_edge_clearance]: Silkscreen clipped by board edge
    Rule: board setup constraints silk; warning
    @(0.0000 mm, 0.0000 mm): Rectangle on Edge.Cuts
    @(35.0000 mm, -5.4800 mm): Segment of U4 on F.Silkscreen
[silk_edge_clearance]: Silkscreen clipped by board edge
    Rule: board setup constraints silk; warning
    @(0.0000 mm, 0.0000 mm): Rectangle on Edge.Cuts
    @(42.1500 mm, 68.8000 mm): Segment of J2 on F.Silkscreen
[silk_edge_clearance]: Silkscreen clipped by board edge
    Rule: board setup constraints silk; warning
    @(0.0000 mm, 0.0000 mm): Rectangle on Edge.Cuts
    @(51.1500 mm, 83.2000 mm): Segment of J2 on F.Silkscreen
[silk_edge_clearance]: Silkscreen clipped by board edge
    Rule: board setup constraints silk; warning
    @(0.0000 mm, 0.0000 mm): Rectangle on Edge.Cuts
    @(29.9500 mm, 80.1100 mm): Segment of J3 on F.Silkscreen
[silk_edge_clearance]: Silkscreen clipped by board edge
    Rule: board setup constraints silk; warning
    @(0.0000 mm, 0.0000 mm): Rectangle on Edge.Cuts
    @(29.9500 mm, 82.2000 mm): Segment of J3 on F.Silkscreen
[silk_edge_clearance]: Silkscreen clipped by board edge
    Rule: board setup constraints silk; warning
    @(0.0000 mm, 0.0000 mm): Rectangle on Edge.Cuts
    @(36.0500 mm, 82.2000 mm): Segment of J3 on F.Silkscreen
[padstack]: Padstack is questionable (PTH pad hole leaves no copper)
    Local override; warning
    @(12.1000 mm, 72.7900 mm): PTH pad [<no net>] of J1
[padstack]: Padstack is questionable (PTH pad hole leaves no copper)
    Local override; warning
    @(17.9000 mm, 72.7900 mm): PTH pad [<no net>] of J1
[padstack]: Padstack is questionable (PTH pad hole leaves no copper)
    Local override; warning
    @(33.0000 mm, 78.6000 mm): PTH pad [<no net>] of J3
[padstack]: Padstack is questionable (PTH pad hole leaves no copper)
    Local override; warning
    @(33.0000 mm, 71.6000 mm): PTH pad [<no net>] of J3
[lib_footprint_mismatch]: Footprint 'VQFN-20_L4.6-W3.6-P0.50-BL' does not match copy in library 'easyeda2kicad'
    Local override; warning
    @(74.0000 mm, 20.0000 mm): Footprint U2
[silk_over_copper]: Silkscreen clipped by solder mask
    Local override; warning
    @(19.4700 mm, 71.2400 mm): Circle of J1 on F.Silkscreen
[silk_over_copper]: Silkscreen clipped by solder mask
    Local override; warning
    @(27.0000 mm, 41.5000 mm): Reference field of D1
[silk_overlap]: Silkscreen clearance
    Rule: board setup constraints silk; warning
    @(11.5000 mm, 47.5000 mm): Reference field of J6
    @(10.9300 mm, 43.8200 mm): Segment of J6 on F.Silkscreen

** Found 0 unconnected pads **

** Found 0 Footprint errors **

** Ignored checks **
    - Footprint has no courtyard defined
    - Track endpoint not centered on via
    - Tuning profile track geometries
    - Footprint doesn't match symbol's footprint filters
    - Footprint component type doesn't match footprint pads

** End of Report **
